\BOOKMARK [0][-]{chapter*.1}{\376\377\144\130\211\201}{}% 1
\BOOKMARK [0][-]{chapter*.2}{\376\377\000A\000b\000s\000t\000r\000a\000c\000t}{}% 2
\BOOKMARK [0][-]{chapter.1}{\376\377\230\171\166\356\151\202\217\360}{}% 3
\BOOKMARK [1][-]{section.1.1}{\376\377\230\171\166\356\200\314\146\157}{chapter.1}% 4
\BOOKMARK [1][-]{section.1.2}{\376\377\230\171\166\356\166\356\150\007}{chapter.1}% 5
\BOOKMARK [1][-]{section.1.3}{\376\377\121\163\225\056\122\033\145\260\116\016\142\200\147\057\162\171\137\201}{chapter.1}% 6
\BOOKMARK [0][-]{chapter.2}{\376\377\227\000\154\102\122\006\147\220}{}% 7
\BOOKMARK [1][-]{section.2.1}{\376\377\227\000\154\102\147\145\156\220\116\016\176\246\147\137\122\006\211\343}{chapter.2}% 8
\BOOKMARK [1][-]{section.2.2}{\376\377\122\237\200\375\227\000\154\102}{chapter.2}% 9
\BOOKMARK [1][-]{section.2.3}{\376\377\227\136\122\237\200\375\227\000\154\102}{chapter.2}% 10
\BOOKMARK [1][-]{section.2.4}{\376\377\227\000\154\102\140\073\176\323\210\150}{chapter.2}% 11
\BOOKMARK [0][-]{chapter.3}{\376\377\140\073\117\123\145\271\150\110\213\276\213\241}{}% 12
\BOOKMARK [1][-]{section.3.1}{\376\377\140\073\117\123\147\266\147\204}{chapter.3}% 13
\BOOKMARK [1][-]{section.3.2}{\376\377\150\070\137\303\145\160\143\156\155\101}{chapter.3}% 14
\BOOKMARK [1][-]{section.3.3}{\376\377\213\276\213\241\123\237\122\031}{chapter.3}% 15
\BOOKMARK [0][-]{chapter.4}{\376\377\000A\000I\152\041\127\213\116\016\173\227\154\325\213\364\146\016}{}% 16
\BOOKMARK [1][-]{section.4.1}{\376\377\000B\000S\000R\000\040\136\177\123\354\126\336\173\227\154\325}{chapter.4}% 17
\BOOKMARK [1][-]{section.4.2}{\376\377\000L\000S\000R\000\040\217\173\221\317\174\276\143\222\173\227\154\325}{chapter.4}% 18
\BOOKMARK [1][-]{section.4.3}{\376\377\000D\000Q\000N\000\040\116\073\122\250\143\250\203\120\173\227\154\325}{chapter.4}% 19
\BOOKMARK [1][-]{section.4.4}{\376\377\000L\000L\000M\000\040\121\263\173\126\152\041\127\213}{chapter.4}% 20
\BOOKMARK [1][-]{section.4.5}{\376\377\213\355\212\000\137\122\116\000\123\026\173\227\154\325}{chapter.4}% 21
\BOOKMARK [0][-]{chapter.5}{\376\377\135\345\121\167\121\375\145\160\213\276\213\241\116\016\214\003\165\050\220\073\217\221}{}% 22
\BOOKMARK [1][-]{section.5.1}{\376\377\135\345\121\167\121\375\145\160\213\276\213\241\151\202\217\360}{chapter.5}% 23
\BOOKMARK [1][-]{section.5.2}{\376\377\213\276\131\007\143\247\122\066\135\345\121\167}{chapter.5}% 24
\BOOKMARK [1][-]{section.5.3}{\376\377\127\072\146\157\122\007\143\142\135\345\121\167}{chapter.5}% 25
\BOOKMARK [1][-]{section.5.4}{\376\377\117\341\140\157\147\345\213\342\135\345\121\167}{chapter.5}% 26
\BOOKMARK [1][-]{section.5.5}{\376\377\167\345\213\306\150\300\175\042\135\345\121\167}{chapter.5}% 27
\BOOKMARK [1][-]{section.5.6}{\376\377\135\345\121\167\214\003\165\050\177\026\143\222\220\073\217\221}{chapter.5}% 28
\BOOKMARK [1][-]{section.5.7}{\376\377\000T\000A\000P\000\040\211\304\122\031\137\025\144\316}{chapter.5}% 29
\BOOKMARK [0][-]{chapter.6}{\376\377\140\047\200\375\117\030\123\026\143\252\145\275}{}% 30
\BOOKMARK [1][-]{section.6.1}{\376\377\143\250\164\006\145\110\163\207\117\030\123\026}{chapter.6}% 31
\BOOKMARK [1][-]{section.6.2}{\376\377\172\357\117\247\121\205\133\130\123\140\165\050\155\113\213\325}{chapter.6}% 32
\BOOKMARK [1][-]{section.6.3}{\376\377\124\315\136\224\136\366\217\337\117\030\123\026}{chapter.6}% 33
\BOOKMARK [1][-]{section.6.4}{\376\377\133\130\120\250\145\110\163\207\117\030\123\026}{chapter.6}% 34
\BOOKMARK [0][-]{chapter.7}{\376\377\123\357\142\151\134\125\140\047\116\016\133\236\165\050\140\047\213\304\117\060}{}% 35
\BOOKMARK [1][-]{section.7.1}{\376\377\123\117\213\256\142\151\134\125\200\375\122\233}{chapter.7}% 36
\BOOKMARK [1][-]{section.7.2}{\376\377\135\345\121\167\121\375\145\160\142\151\134\125\200\375\122\233}{chapter.7}% 37
\BOOKMARK [1][-]{section.7.3}{\376\377\152\041\127\213\124\016\172\357\142\151\134\125\200\375\122\233}{chapter.7}% 38
\BOOKMARK [1][-]{section.7.4}{\376\377\127\072\146\157\217\301\171\373\200\375\122\233}{chapter.7}% 39
\BOOKMARK [1][-]{section.7.5}{\376\377\133\236\165\050\140\047\213\304\117\060}{chapter.7}% 40
\BOOKMARK [0][-]{chapter.8}{\376\377\172\357\116\221\123\117\124\014\116\016\226\220\171\301\117\335\142\244\213\276\213\241}{}% 41
\BOOKMARK [1][-]{section.8.1}{\376\377\172\357\116\221\123\117\124\014\173\126\165\145}{chapter.8}% 42
\BOOKMARK [1][-]{section.8.2}{\376\377\000T\000o\000k\000e\000n\000\040\123\213\177\051\173\126\165\145}{chapter.8}% 43
\BOOKMARK [1][-]{section.8.3}{\376\377\226\220\171\301\117\335\142\244\116\016\176\323\147\204\123\026\150\041\232\214}{chapter.8}% 44
\BOOKMARK [0][-]{chapter.9}{\376\377\116\012\116\013\145\207\213\260\137\306\116\016\120\117\131\175\143\001\116\105\123\026}{}% 45
\BOOKMARK [1][-]{section.9.1}{\376\377\116\011\134\102\213\260\137\306\147\266\147\204}{chapter.9}% 46
\BOOKMARK [0][-]{chapter.10}{\376\377\172\172\225\364\221\115\177\156\116\016\213\276\131\007\146\040\134\004\213\276\213\241}{}% 47
\BOOKMARK [0][-]{chapter.11}{\376\377\155\113\213\325\213\276\213\241\116\016\176\323\147\234\122\006\147\220}{}% 48
\BOOKMARK [1][-]{section.11.1}{\376\377\155\113\213\325\163\257\130\203}{chapter.11}% 49
\BOOKMARK [1][-]{section.11.2}{\376\377\155\113\213\325\176\323\147\234}{chapter.11}% 50
\BOOKMARK [2][-]{subsection.11.2.1}{\376\377\142\171\221\317\143\007\116\344\145\160\143\156\226\306\133\371\153\324\213\304\155\113}{section.11.2}% 51
\BOOKMARK [1][-]{section.11.3}{\376\377\176\323\147\234\122\006\147\220}{chapter.11}% 52
\BOOKMARK [0][-]{chapter.12}{\376\377\174\373\176\337\134\125\171\072\116\016\136\224\165\050\127\072\146\157}{}% 53
\BOOKMARK [1][-]{section.12.1}{\376\377\121\170\127\213\117\177\165\050\127\072\146\157}{chapter.12}% 54
\BOOKMARK [0][-]{chapter.13}{\376\377\140\073\176\323\116\016\134\125\147\033}{}% 55
\BOOKMARK [1][-]{section.13.1}{\376\377\230\171\166\356\140\073\176\323}{chapter.13}% 56
\BOOKMARK [1][-]{section.13.2}{\376\377\116\247\124\301\123\026\157\024\217\333\145\271\124\021}{chapter.13}% 57
\BOOKMARK [1][-]{section.13.3}{\376\377\147\052\147\145\135\345\117\134}{chapter.13}% 58
\BOOKMARK [0][-]{section.13.3}{\376\377\123\302\200\003\145\207\163\056}{}% 59
<<<<<<< Updated upstream
\BOOKMARK [0][-]{chapter*.21}{\376\377\226\104\137\125}{}% 60
=======
\BOOKMARK [0][-]{chapter*.33}{\376\377\226\104\137\125}{}% 60
>>>>>>> Stashed changes
